import took 1.18s
cumulative profiling times:
	.olean serialization 14.8ms
	attribute application 0.0249ms
	blocked (unaccounted) 4.06s
	elaboration 4.75ms
	fix level params 0.0189ms
	import 1.18s
	initialization 41ms
	instantiate metavars 0.0164ms
	interpretation 185ms
	let-to-have transformation 0.0208ms
	linting 0.546ms
	module linting 0.0038ms
	parsing 0.415ms
	process pre-definitions 0.195ms
	share common exprs 0.05ms
	tactic execution 0.455ms
	type checking 4.06s
	typeclass inference 0.831ms
